// Jest Snapshot v1, https://goo.gl/fbAQLP

exports[`PSpin Component should render without problems 1`] = `
<Spin
  size="default"
  spinning={true}
  tip="Loading..."
  wrapperClassName=""
>
  <Alert
    description="Further details about the context of this alert."
    message="Alert message title"
    type="info"
  />
</Spin>
`;
